// Jest Snapshot v1, https://goo.gl/fbAQLP

exports[`BackUpArrowIcon [common] example testing should match snapshot(s) for 1.basic 1`] = `
<Icon
  aspectRatio="xMidYMid meet"
  className="lucid-BackUpArrowIcon"
  color="primary"
  isClickable={false}
  isDisabled={false}
  onClick={[Function]}
  onSelect={[Function]}
  size={16}
  viewBox="0 0 16 16"
>
  <path
    d="M8 .5v15h7.5"
  />
  <path
    d="M14 6.5l-6-6-6 6"
  />
</Icon>
`;
