// Jest Snapshot v1, https://goo.gl/fbAQLP

exports[`PlusIcon [common] example testing should match snapshot(s) for 1.basic 1`] = `
<Icon
  aspectRatio="xMidYMid meet"
  className="lucid-PlusIcon"
  color="primary"
  isClickable={false}
  isDisabled={false}
  onClick={[Function]}
  onSelect={[Function]}
  size={16}
  viewBox="0 0 16 16"
>
  <path
    d="M8 .5v15M15.5 8H.5"
  />
</Icon>
`;
