// Jest Snapshot v1, https://goo.gl/fbAQLP

exports[`ResizeIcon [common] example testing should match snapshot(s) for Primary 1`] = `
<svg
  class="lucid-Icon lucid-Icon-color-primary lucid-ResizeIcon"
  height="16"
  preserveAspectRatio="xMidYMid meet"
  viewBox="0 0 16 16"
  width="16"
>
  <path
    d="M13.5 15.5l2-2m-6 2l6-6"
  />
</svg>
`;
